This is pdfTeX, Version 3.141592653-2.6-1.40.29 (TeX Live 2026) (preloaded format=pdflatex 2026.9.1)  14 SEP 2026 02:48
entering extended mode
 restricted \write18 enabled.
 %&-line parsing enabled.
**ST980_5754603.tex
(./ST980_5754603.tex
LaTeX2e <2025-11-01>
L3 programming layer <2026-01-19>
(/usr/local/texlive/2026/texmf-dist/tex/latex/base/report.cls
Document Class: report 2025/01/22 v1.4n Standard LaTeX document class
(/usr/local/texlive/2026/texmf-dist/tex/latex/base/size12.clo
File: size12.clo 2025/01/22 v1.4n Standard LaTeX file (size option)
)
\c@part=\count275
\c@chapter=\count276
\c@section=\count277
\c@subsection=\count278
\c@subsubsection=\count279
\c@paragraph=\count280
\c@subparagraph=\count281
\c@figure=\count282
\c@table=\count283
\abovecaptionskip=\skip49
\belowcaptionskip=\skip50
\bibindent=\dimen148
)
(./utils/metadata.tex) (./utils/preamble.tex
(/usr/local/texlive/2026/texmf-dist/tex/latex/base/fontenc.sty
Package: fontenc 2025/07/18 v2.1d Standard LaTeX package
)
(/usr/local/texlive/2026/texmf-dist/tex/latex/base/inputenc.sty
Package: inputenc 2024/02/08 v1.3d Input encoding file
\inpenc@prehook=\toks17
\inpenc@posthook=\toks18
)
(/usr/local/texlive/2026/texmf-dist/tex/latex/lm/lmodern.sty
Package: lmodern 2015/05/01 v1.6.1 Latin Modern Fonts
LaTeX Font Info:    Overwriting symbol font `operators' in version `normal'
(Font)                  OT1/cmr/m/n --> OT1/lmr/m/n on input line 22.
LaTeX Font Info:    Overwriting symbol font `letters' in version `normal'
(Font)                  OML/cmm/m/it --> OML/lmm/m/it on input line 23.
LaTeX Font Info:    Overwriting symbol font `symbols' in version `normal'
(Font)                  OMS/cmsy/m/n --> OMS/lmsy/m/n on input line 24.
LaTeX Font Info:    Overwriting symbol font `largesymbols' in version `normal'
(Font)                  OMX/cmex/m/n --> OMX/lmex/m/n on input line 25.
LaTeX Font Info:    Overwriting symbol font `operators' in version `bold'
(Font)                  OT1/cmr/bx/n --> OT1/lmr/bx/n on input line 26.
LaTeX Font Info:    Overwriting symbol font `letters' in version `bold'
(Font)                  OML/cmm/b/it --> OML/lmm/b/it on input line 27.
LaTeX Font Info:    Overwriting symbol font `symbols' in version `bold'
(Font)                  OMS/cmsy/b/n --> OMS/lmsy/b/n on input line 28.
LaTeX Font Info:    Overwriting symbol font `largesymbols' in version `bold'
(Font)                  OMX/cmex/m/n --> OMX/lmex/m/n on input line 29.
LaTeX Font Info:    Overwriting math alphabet `\mathbf' in version `normal'
(Font)                  OT1/cmr/bx/n --> OT1/lmr/bx/n on input line 31.
LaTeX Font Info:    Overwriting math alphabet `\mathsf' in version `normal'
(Font)                  OT1/cmss/m/n --> OT1/lmss/m/n on input line 32.
LaTeX Font Info:    Overwriting math alphabet `\mathit' in version `normal'
(Font)                  OT1/cmr/m/it --> OT1/lmr/m/it on input line 33.
LaTeX Font Info:    Overwriting math alphabet `\mathtt' in version `normal'
(Font)                  OT1/cmtt/m/n --> OT1/lmtt/m/n on input line 34.
LaTeX Font Info:    Overwriting math alphabet `\mathbf' in version `bold'
(Font)                  OT1/cmr/bx/n --> OT1/lmr/bx/n on input line 35.
LaTeX Font Info:    Overwriting math alphabet `\mathsf' in version `bold'
(Font)                  OT1/cmss/bx/n --> OT1/lmss/bx/n on input line 36.
LaTeX Font Info:    Overwriting math alphabet `\mathit' in version `bold'
(Font)                  OT1/cmr/bx/it --> OT1/lmr/bx/it on input line 37.
LaTeX Font Info:    Overwriting math alphabet `\mathtt' in version `bold'
(Font)                  OT1/cmtt/m/n --> OT1/lmtt/m/n on input line 38.
)
(/usr/local/texlive/2026/texmf-dist/tex/latex/geometry/geometry.sty
Package: geometry 2026/03/07 v6.0 Page Geometry

(/usr/local/texlive/2026/texmf-dist/tex/latex/graphics/keyval.sty
Package: keyval 2022/05/29 v1.15 key=value parser (DPC)
\KV@toks@=\toks19
)
(/usr/local/texlive/2026/texmf-dist/tex/generic/iftex/ifvtex.sty
Package: ifvtex 2019/10/25 v1.7 ifvtex legacy package. Use iftex instead.

(/usr/local/texlive/2026/texmf-dist/tex/generic/iftex/iftex.sty
Package: iftex 2024/12/12 v1.0g TeX engine tests
))
\Gm@cnth=\count284
\Gm@cntv=\count285
\c@Gm@tempcnt=\count286
\Gm@bindingoffset=\dimen149
\Gm@wd@mp=\dimen150
\Gm@odd@mp=\dimen151
\Gm@even@mp=\dimen152
\Gm@layoutwidth=\dimen153
\Gm@layoutheight=\dimen154
\Gm@layouthoffset=\dimen155
\Gm@layoutvoffset=\dimen156
\Gm@dimlist=\toks20
)
(/usr/local/texlive/2026/texmf-dist/tex/latex/microtype/microtype.sty
Package: microtype 2026/03/01 v3.2d Micro-typographical refinements (RS)

(/usr/local/texlive/2026/texmf-dist/tex/latex/etoolbox/etoolbox.sty
Package: etoolbox 2025/10/02 v2.5m e-TeX tools for LaTeX (JAW)
\etb@tempcnta=\count287
)
\MT@toks=\toks21
\MT@tempbox=\box53
\MT@count=\count288
LaTeX Info: Redefining \noprotrusionifhmode on input line 1084.
LaTeX Info: Redefining \leftprotrusion on input line 1085.
\MT@prot@toks=\toks22
LaTeX Info: Redefining \rightprotrusion on input line 1104.
LaTeX Info: Redefining \textls on input line 1449.
\MT@outer@kern=\dimen157
LaTeX Info: Redefining \microtypecontext on input line 2053.
LaTeX Info: Redefining \textmicrotypecontext on input line 2070.
\MT@listname@count=\count289

(/usr/local/texlive/2026/texmf-dist/tex/latex/microtype/microtype-pdftex.def
File: microtype-pdftex.def 2026/03/01 v3.2d Definitions specific to pdftex (RS)

LaTeX Info: Redefining \lsstyle on input line 944.
LaTeX Info: Redefining \lslig on input line 944.
\MT@outer@space=\skip51
)
Package microtype Info: Loading configuration file microtype.cfg.

(/usr/local/texlive/2026/texmf-dist/tex/latex/microtype/microtype.cfg
File: microtype.cfg 2026/03/01 v3.2d microtype main configuration file (RS)
)
LaTeX Info: Redefining \microtypesetup on input line 3065.
)
(/usr/local/texlive/2026/texmf-dist/tex/latex/setspace/setspace.sty
Package: setspace 2022/12/04 v6.7b set line spacing
)
(/usr/local/texlive/2026/texmf-dist/tex/latex/amsmath/amsmath.sty
Package: amsmath 2025/07/09 v2.17z AMS math features
\@mathmargin=\skip52

For additional information on amsmath, use the `?' option.
(/usr/local/texlive/2026/texmf-dist/tex/latex/amsmath/amstext.sty
Package: amstext 2024/11/17 v2.01 AMS text

(/usr/local/texlive/2026/texmf-dist/tex/latex/amsmath/amsgen.sty
File: amsgen.sty 1999/11/30 v2.0 generic functions
\@emptytoks=\toks23
\ex@=\dimen158
))
(/usr/local/texlive/2026/texmf-dist/tex/latex/amsmath/amsbsy.sty
Package: amsbsy 1999/11/29 v1.2d Bold Symbols
\pmbraise@=\dimen159
)
(/usr/local/texlive/2026/texmf-dist/tex/latex/amsmath/amsopn.sty
Package: amsopn 2022/04/08 v2.04 operator names
)
\inf@bad=\count290
LaTeX Info: Redefining \frac on input line 233.
\uproot@=\count291
\leftroot@=\count292
LaTeX Info: Redefining \overline on input line 398.
LaTeX Info: Redefining \colon on input line 409.
\classnum@=\count293
\DOTSCASE@=\count294
LaTeX Info: Redefining \ldots on input line 495.
LaTeX Info: Redefining \dots on input line 498.
LaTeX Info: Redefining \cdots on input line 619.
\Mathstrutbox@=\box54
\strutbox@=\box55
LaTeX Info: Redefining \big on input line 721.
LaTeX Info: Redefining \Big on input line 722.
LaTeX Info: Redefining \bigg on input line 723.
LaTeX Info: Redefining \Bigg on input line 724.
\big@size=\dimen160
LaTeX Font Info:    Redeclaring font encoding OML on input line 742.
LaTeX Font Info:    Redeclaring font encoding OMS on input line 743.
\macc@depth=\count295
LaTeX Info: Redefining \bmod on input line 904.
LaTeX Info: Redefining \pmod on input line 909.
LaTeX Info: Redefining \smash on input line 939.
LaTeX Info: Redefining \relbar on input line 969.
LaTeX Info: Redefining \Relbar on input line 970.
\c@MaxMatrixCols=\count296
\dotsspace@=\muskip17
\c@parentequation=\count297
\dspbrk@lvl=\count298
\tag@help=\toks24
\row@=\count299
\column@=\count300
\maxfields@=\count301
\andhelp@=\toks25
\eqnshift@=\dimen161
\alignsep@=\dimen162
\tagshift@=\dimen163
\tagwidth@=\dimen164
\totwidth@=\dimen165
\lineht@=\dimen166
\@envbody=\toks26
\multlinegap=\skip53
\multlinetaggap=\skip54
\mathdisplay@stack=\toks27
LaTeX Info: Redefining \[ on input line 2950.
LaTeX Info: Redefining \] on input line 2951.
)
(/usr/local/texlive/2026/texmf-dist/tex/latex/amsfonts/amssymb.sty
Package: amssymb 2013/01/14 v3.01 AMS font symbols

(/usr/local/texlive/2026/texmf-dist/tex/latex/amsfonts/amsfonts.sty
Package: amsfonts 2013/01/14 v3.01 Basic AMSFonts support
\symAMSa=\mathgroup4
\symAMSb=\mathgroup5
LaTeX Font Info:    Redeclaring math symbol \hbar on input line 98.
LaTeX Font Info:    Overwriting math alphabet `\mathfrak' in version `bold'
(Font)                  U/euf/m/n --> U/euf/b/n on input line 106.
))
(/usr/local/texlive/2026/texmf-dist/tex/latex/mathtools/mathtools.sty
Package: mathtools 2024/10/04 v1.31 mathematical typesetting tools

(/usr/local/texlive/2026/texmf-dist/tex/latex/tools/calc.sty
Package: calc 2025/03/01 v4.3b Infix arithmetic (KKT,FJ)
\calc@Acount=\count302
\calc@Bcount=\count303
\calc@Adimen=\dimen167
\calc@Bdimen=\dimen168
\calc@Askip=\skip55
\calc@Bskip=\skip56
LaTeX Info: Redefining \setlength on input line 86.
LaTeX Info: Redefining \addtolength on input line 87.
\calc@Ccount=\count304
\calc@Cskip=\skip57
)
(/usr/local/texlive/2026/texmf-dist/tex/latex/mathtools/mhsetup.sty
Package: mhsetup 2021/03/18 v1.4 programming setup (MH)
)
\g_MT_multlinerow_int=\count305
\l_MT_multwidth_dim=\dimen169
\origjot=\skip58
\l_MT_shortvdotswithinadjustabove_dim=\dimen170
\l_MT_shortvdotswithinadjustbelow_dim=\dimen171
\l_MT_above_intertext_sep=\dimen172
\l_MT_below_intertext_sep=\dimen173
\l_MT_above_shortintertext_sep=\dimen174
\l_MT_below_shortintertext_sep=\dimen175
\xmathstrut@box=\box56
\xmathstrut@dim=\dimen176
)
(/usr/local/texlive/2026/texmf-dist/tex/latex/amscls/amsthm.sty
Package: amsthm 2020/05/29 v2.20.6
\thm@style=\toks28
\thm@bodyfont=\toks29
\thm@headfont=\toks30
\thm@notefont=\toks31
\thm@headpunct=\toks32
\thm@preskip=\skip59
\thm@postskip=\skip60
\thm@headsep=\skip61
\dth@everypar=\toks33
)
\c@theorem=\count306

(/usr/local/texlive/2026/texmf-dist/tex/latex/graphics/graphicx.sty
Package: graphicx 2024/12/31 v1.2e Enhanced LaTeX Graphics (DPC,SPQR)

(/usr/local/texlive/2026/texmf-dist/tex/latex/graphics/graphics.sty
Package: graphics 2024/08/06 v1.4g Standard LaTeX Graphics (DPC,SPQR)

(/usr/local/texlive/2026/texmf-dist/tex/latex/graphics/trig.sty
Package: trig 2023/12/02 v1.11 sin cos tan (DPC)
)
(/usr/local/texlive/2026/texmf-dist/tex/latex/graphics-cfg/graphics.cfg
File: graphics.cfg 2016/06/04 v1.11 sample graphics configuration
)
Package graphics Info: Driver file: pdftex.def on input line 106.

(/usr/local/texlive/2026/texmf-dist/tex/latex/graphics-def/pdftex.def
File: pdftex.def 2025/09/29 v1.2d Graphics/color driver for pdftex
))
\Gin@req@height=\dimen177
\Gin@req@width=\dimen178
)
(/usr/local/texlive/2026/texmf-dist/tex/latex/booktabs/booktabs.sty
Package: booktabs 2020/01/12 v1.61803398 Publication quality tables
\heavyrulewidth=\dimen179
\lightrulewidth=\dimen180
\cmidrulewidth=\dimen181
\belowrulesep=\dimen182
\belowbottomsep=\dimen183
\aboverulesep=\dimen184
\abovetopsep=\dimen185
\cmidrulesep=\dimen186
\cmidrulekern=\dimen187
\defaultaddspace=\dimen188
\@cmidla=\count307
\@cmidlb=\count308
\@aboverulesep=\dimen189
\@belowrulesep=\dimen190
\@thisruleclass=\count309
\@lastruleclass=\count310
\@thisrulewidth=\dimen191
)
(/usr/local/texlive/2026/texmf-dist/tex/latex/tools/tabularx.sty
Package: tabularx 2023/12/11 v2.12a `tabularx' package (DPC)

(/usr/local/texlive/2026/texmf-dist/tex/latex/tools/array.sty
Package: array 2025/09/25 v2.6n Tabular extension package (FMi)
\col@sep=\dimen192
\ar@mcellbox=\box57
\extrarowheight=\dimen193
\NC@list=\toks34
\extratabsurround=\skip62
\backup@length=\skip63
\ar@cellbox=\box58
)
\TX@col@width=\dimen194
\TX@old@table=\dimen195
\TX@old@col=\dimen196
\TX@target=\dimen197
\TX@delta=\dimen198
\TX@cols=\count311
\TX@ftn=\toks35
)
(/usr/local/texlive/2026/texmf-dist/tex/latex/float/float.sty
Package: float 2001/11/08 v1.3d Float enhancements (AL)
\c@float@type=\count312
\float@exts=\toks36
\float@box=\box59
\@float@everytoks=\toks37
\@floatcapt=\box60
)
(/usr/local/texlive/2026/texmf-dist/tex/latex/caption/caption.sty
Package: caption 2023/08/05 v3.6o Customizing captions (AR)

(/usr/local/texlive/2026/texmf-dist/tex/latex/caption/caption3.sty
Package: caption3 2023/07/31 v2.4d caption3 kernel (AR)
\caption@tempdima=\dimen199
\captionmargin=\dimen256
\caption@leftmargin=\dimen257
\caption@rightmargin=\dimen258
\caption@width=\dimen259
\caption@indent=\dimen260
\caption@parindent=\dimen261
\caption@hangindent=\dimen262
Package caption Info: Standard document class detected.
)
\c@caption@flags=\count313
\c@continuedfloat=\count314
Package caption Info: float package is loaded.
)
(/usr/local/texlive/2026/texmf-dist/tex/latex/caption/subcaption.sty
Package: subcaption 2023/07/28 v1.6b Sub-captions (AR)
Package caption Info: New subtype `subfigure' on input line 238.
\c@subfigure=\count315
Package caption Info: New subtype `subtable' on input line 238.
\c@subtable=\count316
)
(/usr/local/texlive/2026/texmf-dist/tex/latex/algorithms/algorithm.sty
Package: algorithm 2009/08/24 v0.1 Document Style `algorithm' - floating enviro
nment

(/usr/local/texlive/2026/texmf-dist/tex/latex/base/ifthen.sty
Package: ifthen 2024/03/16 v1.1e Standard LaTeX ifthen package (DPC)
)
\@float@every@algorithm=\toks38
\c@algorithm=\count317
)
(/usr/local/texlive/2026/texmf-dist/tex/latex/algorithmicx/algpseudocode.sty
Package: algpseudocode 

(/usr/local/texlive/2026/texmf-dist/tex/latex/algorithmicx/algorithmicx.sty
Package: algorithmicx 2005/04/27 v1.2 Algorithmicx

Document Style algorithmicx 1.2 - a greatly improved `algorithmic' style
\c@ALG@line=\count318
\c@ALG@rem=\count319
\c@ALG@nested=\count320
\ALG@tlm=\skip64
\ALG@thistlm=\skip65
\c@ALG@Lnr=\count321
\c@ALG@blocknr=\count322
\c@ALG@storecount=\count323
\c@ALG@tmpcounter=\count324
\ALG@tmplength=\skip66
)
Document Style - pseudocode environments for use with the `algorithmicx' style
) (/usr/local/texlive/2026/texmf-dist/tex/latex/listings/listings.sty
\lst@mode=\count325
\lst@gtempboxa=\box61
\lst@token=\toks39
\lst@length=\count326
\lst@currlwidth=\dimen263
\lst@column=\count327
\lst@pos=\count328
\lst@lostspace=\dimen264
\lst@width=\dimen265
\lst@newlines=\count329
\lst@lineno=\count330
\lst@maxwidth=\dimen266

(/usr/local/texlive/2026/texmf-dist/tex/latex/listings/lstpatch.sty
File: lstpatch.sty 2025/11/14 1.11b (Carsten Heinz)
)
(/usr/local/texlive/2026/texmf-dist/tex/latex/listings/lstmisc.sty
File: lstmisc.sty 2025/11/14 1.11b (Carsten Heinz)
\c@lstnumber=\count331
\lst@skipnumbers=\count332
\lst@framebox=\box62
)
(/usr/local/texlive/2026/texmf-dist/tex/latex/listings/listings.cfg
File: listings.cfg 2025/11/14 1.11b listings configuration
))
Package: listings 2025/11/14 1.11b (Carsten Heinz)

==> First Aid for listings.sty no longer applied!
    Expected:
        2024/09/23 1.10c (Carsten Heinz)
    but found:
        2025/11/14 1.11b (Carsten Heinz)
    so I'm assuming it got fixed.
(/usr/local/texlive/2026/texmf-dist/tex/latex/seqsplit/seqsplit.sty
Package: seqsplit 2006/08/07 v0.1 Splitting long sequences (DNA, RNA, proteins,
 etc.) 
)
(/usr/local/texlive/2026/texmf-dist/tex/latex/xcolor/xcolor.sty
Package: xcolor 2024/09/29 v3.02 LaTeX color extensions (UK)

(/usr/local/texlive/2026/texmf-dist/tex/latex/graphics-cfg/color.cfg
File: color.cfg 2016/01/02 v1.6 sample color configuration
)
Package xcolor Info: Driver file: pdftex.def on input line 274.

(/usr/local/texlive/2026/texmf-dist/tex/latex/graphics/mathcolor.ltx)
Package xcolor Info: Model `cmy' substituted by `cmy0' on input line 1349.
Package xcolor Info: Model `hsb' substituted by `rgb' on input line 1353.
Package xcolor Info: Model `RGB' extended on input line 1365.
Package xcolor Info: Model `HTML' substituted by `rgb' on input line 1367.
Package xcolor Info: Model `Hsb' substituted by `hsb' on input line 1368.
Package xcolor Info: Model `tHsb' substituted by `hsb' on input line 1369.
Package xcolor Info: Model `HSB' substituted by `hsb' on input line 1370.
Package xcolor Info: Model `Gray' substituted by `gray' on input line 1371.
Package xcolor Info: Model `wave' substituted by `hsb' on input line 1372.
)
(/usr/local/texlive/2026/texmf-dist/tex/latex/graphics/dvipsnam.def
File: dvipsnam.def 2016/06/17 v3.0m Driver-dependent file (DPC,SPQR)
)
(/usr/local/texlive/2026/texmf-dist/tex/latex/enumitem/enumitem.sty
Package: enumitem 2025/02/06 v3.11 Customized lists
\labelindent=\skip67
\enit@outerparindent=\dimen267
\enit@toks=\toks40
\enit@inbox=\box63
\enit@count@id=\count333
\enitdp@description=\count334
)
(/usr/local/texlive/2026/texmf-dist/tex/latex/natbib/natbib.sty
Package: natbib 2010/09/13 8.31b (PWD, AO)
\bibhang=\skip68
\bibsep=\skip69
LaTeX Info: Redefining \cite on input line 694.
\c@NAT@ctr=\count335
)
(/usr/local/texlive/2026/texmf-dist/tex/latex/hyperref/hyperref.sty
Package: hyperref 2026-01-29 v7.01p Hypertext links for LaTeX

(/usr/local/texlive/2026/texmf-dist/tex/latex/kvsetkeys/kvsetkeys.sty
Package: kvsetkeys 2022-10-05 v1.19 Key value parser (HO)
)
(/usr/local/texlive/2026/texmf-dist/tex/generic/kvdefinekeys/kvdefinekeys.sty
Package: kvdefinekeys 2019-12-19 v1.6 Define keys (HO)
)
(/usr/local/texlive/2026/texmf-dist/tex/generic/pdfescape/pdfescape.sty
Package: pdfescape 2019/12/09 v1.15 Implements pdfTeX's escape features (HO)

(/usr/local/texlive/2026/texmf-dist/tex/generic/ltxcmds/ltxcmds.sty
Package: ltxcmds 2023-12-04 v1.26 LaTeX kernel commands for general use (HO)
)
(/usr/local/texlive/2026/texmf-dist/tex/generic/pdftexcmds/pdftexcmds.sty
Package: pdftexcmds 2020-06-27 v0.33 Utility functions of pdfTeX for LuaTeX (HO
)

(/usr/local/texlive/2026/texmf-dist/tex/generic/infwarerr/infwarerr.sty
Package: infwarerr 2019/12/03 v1.5 Providing info/warning/error messages (HO)
)
Package pdftexcmds Info: \pdf@primitive is available.
Package pdftexcmds Info: \pdf@ifprimitive is available.
Package pdftexcmds Info: \pdfdraftmode found.
))
(/usr/local/texlive/2026/texmf-dist/tex/latex/hycolor/hycolor.sty
Package: hycolor 2020-01-27 v1.10 Color options for hyperref/bookmark (HO)
)
(/usr/local/texlive/2026/texmf-dist/tex/latex/hyperref/nameref.sty
Package: nameref 2026-01-29 v2.58 Cross-referencing by name of section

(/usr/local/texlive/2026/texmf-dist/tex/latex/refcount/refcount.sty
Package: refcount 2019/12/15 v3.6 Data extraction from label references (HO)
)
(/usr/local/texlive/2026/texmf-dist/tex/generic/gettitlestring/gettitlestring.s
ty
Package: gettitlestring 2019/12/15 v1.6 Cleanup title references (HO)
 (/usr/local/texlive/2026/texmf-dist/tex/latex/kvoptions/kvoptions.sty
Package: kvoptions 2022-06-15 v3.15 Key value format for package options (HO)
))
\c@section@level=\count336
)
(/usr/local/texlive/2026/texmf-dist/tex/generic/stringenc/stringenc.sty
Package: stringenc 2019/11/29 v1.12 Convert strings between diff. encodings (HO
)
)
\@linkdim=\dimen268
\Hy@linkcounter=\count337
\Hy@pagecounter=\count338

(/usr/local/texlive/2026/texmf-dist/tex/latex/hyperref/pd1enc.def
File: pd1enc.def 2026-01-29 v7.01p Hyperref: PDFDocEncoding definition (HO)
Now handling font encoding PD1 ...
... no UTF-8 mapping file for font encoding PD1
)
(/usr/local/texlive/2026/texmf-dist/tex/generic/intcalc/intcalc.sty
Package: intcalc 2019/12/15 v1.3 Expandable calculations with integers (HO)
)
\Hy@SavedSpaceFactor=\count339

(/usr/local/texlive/2026/texmf-dist/tex/latex/hyperref/puenc.def
File: puenc.def 2026-01-29 v7.01p Hyperref: PDF Unicode definition (HO)
Now handling font encoding PU ...
... no UTF-8 mapping file for font encoding PU
)
Package hyperref Info: Hyper figures OFF on input line 4201.
Package hyperref Info: Link nesting OFF on input line 4206.
Package hyperref Info: Hyper index ON on input line 4209.
Package hyperref Info: Plain pages OFF on input line 4216.
Package hyperref Info: Backreferencing OFF on input line 4221.
Package hyperref Info: Implicit mode ON; LaTeX internals redefined.
Package hyperref Info: Bookmarks ON on input line 4468.
\c@Hy@tempcnt=\count340

(/usr/local/texlive/2026/texmf-dist/tex/latex/url/url.sty
\Urlmuskip=\muskip18
Package: url 2013/09/16  ver 3.4  Verb mode for urls, etc.
)
LaTeX Info: Redefining \url on input line 4807.
\XeTeXLinkMargin=\dimen269

(/usr/local/texlive/2026/texmf-dist/tex/generic/bitset/bitset.sty
Package: bitset 2019/12/09 v1.3 Handle bit-vector datatype (HO)

(/usr/local/texlive/2026/texmf-dist/tex/generic/bigintcalc/bigintcalc.sty
Package: bigintcalc 2019/12/15 v1.5 Expandable calculations on big integers (HO
)
))
\Fld@menulength=\count341
\Field@Width=\dimen270
\Fld@charsize=\dimen271
Package hyperref Info: Hyper figures OFF on input line 6084.
Package hyperref Info: Link nesting OFF on input line 6089.
Package hyperref Info: Hyper index ON on input line 6092.
Package hyperref Info: backreferencing OFF on input line 6099.
Package hyperref Info: Link coloring OFF on input line 6104.
Package hyperref Info: Link coloring with OCG OFF on input line 6109.
Package hyperref Info: PDF/A mode OFF on input line 6114.
\Hy@abspage=\count342
\c@Item=\count343
\c@Hfootnote=\count344
)
Package hyperref Info: Driver (autodetected): hpdftex.

(/usr/local/texlive/2026/texmf-dist/tex/latex/hyperref/hpdftex.def
File: hpdftex.def 2026-01-29 v7.01p Hyperref driver for pdfTeX
\Fld@listcount=\count345
\c@bookmark@seq@number=\count346

(/usr/local/texlive/2026/texmf-dist/tex/latex/rerunfilecheck/rerunfilecheck.sty
Package: rerunfilecheck 2025-06-21 v1.11 Rerun checks for auxiliary files (HO)

(/usr/local/texlive/2026/texmf-dist/tex/generic/uniquecounter/uniquecounter.sty
Package: uniquecounter 2019/12/15 v1.4 Provide unlimited unique counter (HO)
)
Package uniquecounter Info: New unique counter `rerunfilecheck' on input line 2
84.
)
\Hy@SectionHShift=\skip70
)
Package hyperref Info: Option `bookmarksnumbered' set `true' on input line 66.
) (./utils/commands.tex)
LaTeX Font Info:    Trying to load font information for T1+lmr on input line 7.


(/usr/local/texlive/2026/texmf-dist/tex/latex/lm/t1lmr.fd
File: t1lmr.fd 2015/05/01 v1.6.1 Font defs for Latin Modern
)
(/usr/local/texlive/2026/texmf-dist/tex/latex/l3backend/l3backend-pdftex.def
File: l3backend-pdftex.def 2025-10-09 L3 backend support: PDF output (pdfTeX)
\l__color_backend_stack_int=\count347
)
(./ST980_5754603.aux (./chapters/abstract.aux) (./chapters/acknowledgements.aux
) (./chapters/1_introduction.aux) (./chapters/2_high_performance_sqmc.aux)
(./chapters/3_football_model_with_sqmc.aux) (./chapters/4_discussion.aux)
(./chapters/appendices/proof.aux) (./chapters/appendices/code.aux)
(./chapters/appendices/config.aux) (./chapters/appendices/prediction.aux)
(./chapters/appendices/rankings.aux))
\openout1 = `ST980_5754603.aux'.

LaTeX Font Info:    Checking defaults for OML/cmm/m/it on input line 7.
LaTeX Font Info:    ... okay on input line 7.
LaTeX Font Info:    Checking defaults for OMS/cmsy/m/n on input line 7.
LaTeX Font Info:    ... okay on input line 7.
LaTeX Font Info:    Checking defaults for OT1/cmr/m/n on input line 7.
LaTeX Font Info:    ... okay on input line 7.
LaTeX Font Info:    Checking defaults for T1/cmr/m/n on input line 7.
LaTeX Font Info:    ... okay on input line 7.
LaTeX Font Info:    Checking defaults for TS1/cmr/m/n on input line 7.
LaTeX Font Info:    ... okay on input line 7.
LaTeX Font Info:    Checking defaults for OMX/cmex/m/n on input line 7.
LaTeX Font Info:    ... okay on input line 7.
LaTeX Font Info:    Checking defaults for U/cmr/m/n on input line 7.
LaTeX Font Info:    ... okay on input line 7.
LaTeX Font Info:    Checking defaults for PD1/pdf/m/n on input line 7.
LaTeX Font Info:    ... okay on input line 7.
LaTeX Font Info:    Checking defaults for PU/pdf/m/n on input line 7.
LaTeX Font Info:    ... okay on input line 7.

*geometry* driver: auto-detecting
*geometry* detected driver: pdftex
*geometry* verbose mode - [ preamble ] result:
* driver: pdftex
* paper: a4paper
* layout: <same size as paper>
* layoutoffset:(h,v)=(0.0pt,0.0pt)
* modes: 
* h-part:(L,W,R)=(85.35826pt, 426.79135pt, 85.35826pt)
* v-part:(T,H,B)=(85.35826pt, 674.33032pt, 85.35826pt)
* \paperwidth=597.50787pt
* \paperheight=845.04684pt
* \textwidth=426.79135pt
* \textheight=674.33032pt
* \oddsidemargin=13.08827pt
* \evensidemargin=13.08827pt
* \topmargin=-26.91173pt
* \headheight=15.0pt
* \headsep=25.0pt
* \topskip=12.0pt
* \footskip=30.0pt
* \marginparwidth=35.0pt
* \marginparsep=10.0pt
* \columnsep=10.0pt
* \skip\footins=10.8pt plus 4.0pt minus 2.0pt
* \hoffset=0.0pt
* \voffset=0.0pt
* \mag=1000
* \@twocolumnfalse
* \@twosidefalse
* \@mparswitchfalse
* \@reversemarginfalse
* (1in=72.27pt=25.4mm, 1cm=28.453pt)

LaTeX Info: Redefining \microtypecontext on input line 7.
Package microtype Info: Applying patch `item' on input line 7.
Package microtype Info: Applying patch `toc' on input line 7.
Package microtype Info: Applying patch `eqnum' on input line 7.
Package microtype Info: Applying patch `footnote' on input line 7.
Package microtype Info: Applying patch `verbatim' on input line 7.
LaTeX Info: Redefining \microtypesetup on input line 7.
Package microtype Info: Generating PDF output.
Package microtype Info: Character protrusion enabled (level 2).
Package microtype Info: Using default protrusion set `alltext'.
Package microtype Info: Automatic font expansion enabled (level 2),
(microtype)             stretch: 20, shrink: 20, step: 1, non-selected.
Package microtype Info: Using default expansion set `alltext-nott'.
Package microtype Info: Patching command `\showhyphens'.
Package microtype Info: No adjustment of tracking.
Package microtype Info: No adjustment of interword spacing.
Package microtype Info: No adjustment of character kerning.
(/usr/local/texlive/2026/texmf-dist/tex/latex/microtype/mt-cmr.cfg
File: mt-cmr.cfg 2013/05/19 v2.2 microtype config. file: Computer Modern Roman 
(RS)
)
(/usr/local/texlive/2026/texmf-dist/tex/context/base/mkii/supp-pdf.mkii
[Loading MPS to PDF converter (version 2006.09.02).]
\scratchcounter=\count348
\scratchdimen=\dimen272
\scratchbox=\box64
\nofMPsegments=\count349
\nofMParguments=\count350
\everyMPshowfont=\toks41
\MPscratchCnt=\count351
\MPscratchDim=\dimen273
\MPnumerator=\count352
\makeMPintoPDFobject=\count353
\everyMPtoPDFconversion=\toks42
) (/usr/local/texlive/2026/texmf-dist/tex/latex/epstopdf-pkg/epstopdf-base.sty
Package: epstopdf-base 2020-01-24 v2.11 Base part for package epstopdf
Package epstopdf-base Info: Redefining graphics rule for `.eps' on input line 4
85.

(/usr/local/texlive/2026/texmf-dist/tex/latex/latexconfig/epstopdf-sys.cfg
File: epstopdf-sys.cfg 2010/07/13 v1.3 Configuration of (r)epstopdf for TeX Liv
e
))
Package caption Info: Begin \AtBeginDocument code.
Package caption Info: hyperref package is loaded.
Package caption Info: listings package is loaded.
Package caption Info: End \AtBeginDocument code.
\c@lstlisting=\count354
Package hyperref Info: Link coloring OFF on input line 7.

(./ST980_5754603.out) (./ST980_5754603.out)
\@outlinefile=\write3
\openout3 = `ST980_5754603.out'.

 [1

{/usr/local/texlive/2026/texmf-var/fonts/map/pdftex/updmap/pdftex.map}{/usr/loc
al/texlive/2026/texmf-dist/fonts/enc/dvips/lm/lm-ec.enc}]
\openout2 = `chapters/abstract.aux'.

 (./chapters/abstract.tex
LaTeX Font Info:    Trying to load font information for OT1+lmr on input line 3
.

(/usr/local/texlive/2026/texmf-dist/tex/latex/lm/ot1lmr.fd
File: ot1lmr.fd 2015/05/01 v1.6.1 Font defs for Latin Modern
)
LaTeX Font Info:    Trying to load font information for OML+lmm on input line 3
.

(/usr/local/texlive/2026/texmf-dist/tex/latex/lm/omllmm.fd
File: omllmm.fd 2015/05/01 v1.6.1 Font defs for Latin Modern
)
LaTeX Font Info:    Trying to load font information for OMS+lmsy on input line 
3.

(/usr/local/texlive/2026/texmf-dist/tex/latex/lm/omslmsy.fd
File: omslmsy.fd 2015/05/01 v1.6.1 Font defs for Latin Modern
)
LaTeX Font Info:    Trying to load font information for OMX+lmex on input line 
3.

(/usr/local/texlive/2026/texmf-dist/tex/latex/lm/omxlmex.fd
File: omxlmex.fd 2015/05/01 v1.6.1 Font defs for Latin Modern
)
LaTeX Font Info:    External font `lmex10' loaded for size
(Font)              <12> on input line 3.
LaTeX Font Info:    External font `lmex10' loaded for size
(Font)              <8> on input line 3.
LaTeX Font Info:    External font `lmex10' loaded for size
(Font)              <6> on input line 3.
LaTeX Font Info:    Trying to load font information for U+msa on input line 3.

(/usr/local/texlive/2026/texmf-dist/tex/latex/amsfonts/umsa.fd
File: umsa.fd 2013/01/14 v3.01 AMS symbols A
)
(/usr/local/texlive/2026/texmf-dist/tex/latex/microtype/mt-msa.cfg
File: mt-msa.cfg 2006/02/04 v1.1 microtype config. file: AMS symbols (a) (RS)
)
LaTeX Font Info:    Trying to load font information for U+msb on input line 3.

(/usr/local/texlive/2026/texmf-dist/tex/latex/amsfonts/umsb.fd
File: umsb.fd 2013/01/14 v3.01 AMS symbols B
)
(/usr/local/texlive/2026/texmf-dist/tex/latex/microtype/mt-msb.cfg
File: mt-msb.cfg 2005/06/01 v1.0 microtype config. file: AMS symbols (b) (RS)
)
LaTeX Font Info:    Trying to load font information for T1+lmtt on input line 3
.

(/usr/local/texlive/2026/texmf-dist/tex/latex/lm/t1lmtt.fd
File: t1lmtt.fd 2015/05/01 v1.6.1 Font defs for Latin Modern
)
Package microtype Info: Loading generic protrusion settings for font family
(microtype)             `lmtt' (encoding: T1).
(microtype)             For optimal results, create family-specific settings.
(microtype)             See the microtype manual for details.
) [2



{/usr/local/texlive/2026/texmf-dist/fonts/enc/dvips/lm/lm-mathit.enc}{/usr/loca
l/texlive/2026/texmf-dist/fonts/enc/dvips/lm/lm-rm.enc}{/usr/local/texlive/2026
/texmf-dist/fonts/enc/dvips/lm/lm-mathsy.enc}]
\openout2 = `chapters/acknowledgements.aux'.

 (./chapters/acknowledgements.tex) [3




]
(./ST980_5754603.toc [4



] [5])
\tf@toc=\write4
\openout4 = `ST980_5754603.toc'.

 [6]
\openout2 = `chapters/1_introduction.aux'.

 (./chapters/1_introduction.tex
Chapter 1.
[1



]) [2]
\openout2 = `chapters/2_high_performance_sqmc.aux'.

 (./chapters/2_high_performance_sqmc.tex
Chapter 2.
[3




{/usr/local/texlive/2026/texmf-dist/fonts/enc/dvips/lm/lm-mathex.enc}]
Package hyperref Info: bookmark level for unknown algorithm defaults to 0 on in
put line 44.

[4] [5]
</Users/ryant/Github/ryantjx/sqmc-cuthbert/dissertation/drafts/figures/2_high_p
erformance_sqmc/qmc_vs_mc.png, id=376, 578.16pt x 289.08pt>
File: /Users/ryant/Github/ryantjx/sqmc-cuthbert/dissertation/drafts/figures/2_h
igh_performance_sqmc/qmc_vs_mc.png Graphic file (type png)
<use /Users/ryant/Github/ryantjx/sqmc-cuthbert/dissertation/drafts/figures/2_hi
gh_performance_sqmc/qmc_vs_mc.png>
Package pdftex.def Info: /Users/ryant/Github/ryantjx/sqmc-cuthbert/dissertation
/drafts/figures/2_high_performance_sqmc/qmc_vs_mc.png  used on input line 102.
(pdftex.def)             Requested size: 384.1096pt x 192.05493pt.
LaTeX Font Info:    External font `lmex10' loaded for size
(Font)              <10.95> on input line 103.
 [6] [7 </Users/ryant/Github/ryantjx/sqmc-cuthbert/dissertation/drafts/figures/
2_high_performance_sqmc/qmc_vs_mc.png>]
LaTeX Font Info:    External font `lmex10' loaded for size
(Font)              <10> on input line 133.
LaTeX Font Info:    External font `lmex10' loaded for size
(Font)              <7> on input line 133.
LaTeX Font Info:    External font `lmex10' loaded for size
(Font)              <5> on input line 133.
 [8]
</Users/ryant/Github/ryantjx/sqmc-cuthbert/dissertation/drafts/figures/2_high_p
erformance_sqmc/hilbert_curve.png, id=447, 794.97pt x 542.025pt>
File: /Users/ryant/Github/ryantjx/sqmc-cuthbert/dissertation/drafts/figures/2_h
igh_performance_sqmc/hilbert_curve.png Graphic file (type png)
<use /Users/ryant/Github/ryantjx/sqmc-cuthbert/dissertation/drafts/figures/2_hi
gh_performance_sqmc/hilbert_curve.png>
Package pdftex.def Info: /Users/ryant/Github/ryantjx/sqmc-cuthbert/dissertation
/drafts/figures/2_high_performance_sqmc/hilbert_curve.png  used on input line 1
60.
(pdftex.def)             Requested size: 426.79135pt x 291.00192pt.
 [9 </Users/ryant/Github/ryantjx/sqmc-cuthbert/dissertation/drafts/figures/2_hi
gh_performance_sqmc/hilbert_curve.png>] [10] [11]
</Users/ryant/Github/ryantjx/sqmc-cuthbert/results/qmc_hilbert_sqmc/comparison_
qmc_13092026_1304.pdf, id=507, 528.775pt x 210.28539pt>
File: /Users/ryant/Github/ryantjx/sqmc-cuthbert/results/qmc_hilbert_sqmc/compar
ison_qmc_13092026_1304.pdf Graphic file (type pdf)
<use /Users/ryant/Github/ryantjx/sqmc-cuthbert/results/qmc_hilbert_sqmc/compari
son_qmc_13092026_1304.pdf>
Package pdftex.def Info: /Users/ryant/Github/ryantjx/sqmc-cuthbert/results/qmc_
hilbert_sqmc/comparison_qmc_13092026_1304.pdf  used on input line 246.
(pdftex.def)             Requested size: 426.79135pt x 169.7334pt.
 [12]
</Users/ryant/Github/ryantjx/sqmc-cuthbert/results/qmc_hilbert_sqmc/comparison_
hilbert_13092026_1304.pdf, id=517, 528.775pt x 210.28539pt>
File: /Users/ryant/Github/ryantjx/sqmc-cuthbert/results/qmc_hilbert_sqmc/compar
ison_hilbert_13092026_1304.pdf Graphic file (type pdf)
<use /Users/ryant/Github/ryantjx/sqmc-cuthbert/results/qmc_hilbert_sqmc/compari
son_hilbert_13092026_1304.pdf>
Package pdftex.def Info: /Users/ryant/Github/ryantjx/sqmc-cuthbert/results/qmc_
hilbert_sqmc/comparison_hilbert_13092026_1304.pdf  used on input line 264.
(pdftex.def)             Requested size: 426.79135pt x 169.7334pt.
 [13 </Users/ryant/Github/ryantjx/sqmc-cuthbert/results/qmc_hilbert_sqmc/compar
ison_qmc_13092026_1304.pdf>] [14 </Users/ryant/Github/ryantjx/sqmc-cuthbert/res
ults/qmc_hilbert_sqmc/comparison_hilbert_13092026_1304.pdf>]
</Users/ryant/Github/ryantjx/sqmc-cuthbert/results/qmc_hilbert_sqmc/comparison_
sqmc_runtime_13092026_1304.pdf, id=563, 528.74307pt x 188.10251pt>
File: /Users/ryant/Github/ryantjx/sqmc-cuthbert/results/qmc_hilbert_sqmc/compar
ison_sqmc_runtime_13092026_1304.pdf Graphic file (type pdf)
<use /Users/ryant/Github/ryantjx/sqmc-cuthbert/results/qmc_hilbert_sqmc/compari
son_sqmc_runtime_13092026_1304.pdf>
Package pdftex.def Info: /Users/ryant/Github/ryantjx/sqmc-cuthbert/results/qmc_
hilbert_sqmc/comparison_sqmc_runtime_13092026_1304.pdf  used on input line 287.

(pdftex.def)             Requested size: 426.79135pt x 151.83693pt.
</Users/ryant/Github/ryantjx/sqmc-cuthbert/results/qmc_hilbert_sqmc/comparison_
sqmc_budget_13092026_1304.pdf, id=565, 528.775pt x 224.23752pt>
File: /Users/ryant/Github/ryantjx/sqmc-cuthbert/results/qmc_hilbert_sqmc/compar
ison_sqmc_budget_13092026_1304.pdf Graphic file (type pdf)
<use /Users/ryant/Github/ryantjx/sqmc-cuthbert/results/qmc_hilbert_sqmc/compari
son_sqmc_budget_13092026_1304.pdf>
Package pdftex.def Info: /Users/ryant/Github/ryantjx/sqmc-cuthbert/results/qmc_
hilbert_sqmc/comparison_sqmc_budget_13092026_1304.pdf  used on input line 306.
(pdftex.def)             Requested size: 426.79135pt x 180.99496pt.
) [15 </Users/ryant/Github/ryantjx/sqmc-cuthbert/results/qmc_hilbert_sqmc/compa
rison_sqmc_runtime_13092026_1304.pdf>] [16 </Users/ryant/Github/ryantjx/sqmc-cu
thbert/results/qmc_hilbert_sqmc/comparison_sqmc_budget_13092026_1304.pdf>]
\openout2 = `chapters/3_football_model_with_sqmc.aux'.

 (./chapters/3_football_model_with_sqmc.tex
Chapter 3.
[17




] [18]
</Users/ryant/Github/ryantjx/sqmc-cuthbert/dissertation/drafts/figures/3_footba
ll_model_with_sqmc/m_qlae035f1.jpeg, id=642, 62.634pt x 19.63335pt>
File: /Users/ryant/Github/ryantjx/sqmc-cuthbert/dissertation/drafts/figures/3_f
ootball_model_with_sqmc/m_qlae035f1.jpeg Graphic file (type jpg)
<use /Users/ryant/Github/ryantjx/sqmc-cuthbert/dissertation/drafts/figures/3_fo
otball_model_with_sqmc/m_qlae035f1.jpeg>
Package pdftex.def Info: /Users/ryant/Github/ryantjx/sqmc-cuthbert/dissertation
/drafts/figures/3_football_model_with_sqmc/m_qlae035f1.jpeg  used on input line
 46.
(pdftex.def)             Requested size: 384.1096pt x 120.42043pt.
 [19 </Users/ryant/Github/ryantjx/sqmc-cuthbert/dissertation/drafts/figures/3_f
ootball_model_with_sqmc/m_qlae035f1.jpeg>] [20] [21] [22] [23]
[24] [25] [26] [27] [28] [29] [30] [31] [32]
</Users/ryant/Github/ryantjx/sqmc-cuthbert/results/sqmc_ekf/combined/images/log
z_overlay_train_test.png, id=789, 1003.1076pt x 425.9112pt>
File: /Users/ryant/Github/ryantjx/sqmc-cuthbert/results/sqmc_ekf/combined/image
s/logz_overlay_train_test.png Graphic file (type png)
<use /Users/ryant/Github/ryantjx/sqmc-cuthbert/results/sqmc_ekf/combined/images
/logz_overlay_train_test.png>
Package pdftex.def Info: /Users/ryant/Github/ryantjx/sqmc-cuthbert/results/sqmc
_ekf/combined/images/logz_overlay_train_test.png  used on input line 410.
(pdftex.def)             Requested size: 384.1096pt x 163.0892pt.
 [33 </Users/ryant/Github/ryantjx/sqmc-cuthbert/results/sqmc_ekf/combined/image
s/logz_overlay_train_test.png>]
[34]
</Users/ryant/Github/ryantjx/sqmc-cuthbert/results/sqmc_ekf/combined/images/ekf
_predictions/prediction_plots/2026-07-19_Spain_vs_Argentina.png, id=807, 852.78
6pt x 392.667pt>
File: /Users/ryant/Github/ryantjx/sqmc-cuthbert/results/sqmc_ekf/combined/image
s/ekf_predictions/prediction_plots/2026-07-19_Spain_vs_Argentina.png Graphic fi
le (type png)
<use /Users/ryant/Github/ryantjx/sqmc-cuthbert/results/sqmc_ekf/combined/images
/ekf_predictions/prediction_plots/2026-07-19_Spain_vs_Argentina.png>
Package pdftex.def Info: /Users/ryant/Github/ryantjx/sqmc-cuthbert/results/sqmc
_ekf/combined/images/ekf_predictions/prediction_plots/2026-07-19_Spain_vs_Argen
tina.png  used on input line 458.
(pdftex.def)             Requested size: 426.79135pt x 196.51276pt.
</Users/ryant/Github/ryantjx/sqmc-cuthbert/results/sqmc_ekf/combined/images/sqm
c_predictions/prediction_plots/2026-07-19_Spain_vs_Argentina.png, id=808, 853.2
678pt x 392.1852pt>
File: /Users/ryant/Github/ryantjx/sqmc-cuthbert/results/sqmc_ekf/combined/image
s/sqmc_predictions/prediction_plots/2026-07-19_Spain_vs_Argentina.png Graphic f
ile (type png)
<use /Users/ryant/Github/ryantjx/sqmc-cuthbert/results/sqmc_ekf/combined/images
/sqmc_predictions/prediction_plots/2026-07-19_Spain_vs_Argentina.png>
Package pdftex.def Info: /Users/ryant/Github/ryantjx/sqmc-cuthbert/results/sqmc
_ekf/combined/images/sqmc_predictions/prediction_plots/2026-07-19_Spain_vs_Arge
ntina.png  used on input line 463.
(pdftex.def)             Requested size: 426.79135pt x 196.16393pt.
 [35]
</Users/ryant/Github/ryantjx/sqmc-cuthbert/results/sqmc_ekf/combined/images/ekf
_timeseries_states.png, id=815, 1002.6258pt x 642.7212pt>
File: /Users/ryant/Github/ryantjx/sqmc-cuthbert/results/sqmc_ekf/combined/image
s/ekf_timeseries_states.png Graphic file (type png)
<use /Users/ryant/Github/ryantjx/sqmc-cuthbert/results/sqmc_ekf/combined/images
/ekf_timeseries_states.png>
Package pdftex.def Info: /Users/ryant/Github/ryantjx/sqmc-cuthbert/results/sqmc
_ekf/combined/images/ekf_timeseries_states.png  used on input line 478.
(pdftex.def)             Requested size: 426.79135pt x 273.58931pt.
</Users/ryant/Github/ryantjx/sqmc-cuthbert/results/sqmc_ekf/combined/images/sqm
c_timeseries_states.png, id=816, 1002.6258pt x 641.2758pt>
File: /Users/ryant/Github/ryantjx/sqmc-cuthbert/results/sqmc_ekf/combined/image
s/sqmc_timeseries_states.png Graphic file (type png)
<use /Users/ryant/Github/ryantjx/sqmc-cuthbert/results/sqmc_ekf/combined/images
/sqmc_timeseries_states.png>
Package pdftex.def Info: /Users/ryant/Github/ryantjx/sqmc-cuthbert/results/sqmc
_ekf/combined/images/sqmc_timeseries_states.png  used on input line 483.
(pdftex.def)             Requested size: 426.79135pt x 272.97404pt.
 [36 </Users/ryant/Github/ryantjx/sqmc-cuthbert/results/sqmc_ekf/combined/image
s/ekf_predictions/prediction_plots/2026-07-19_Spain_vs_Argentina.png> </Users/r
yant/Github/ryantjx/sqmc-cuthbert/results/sqmc_ekf/combined/images/sqmc_predict
ions/prediction_plots/2026-07-19_Spain_vs_Argentina.png>] [37 </Users/ryant/Git
hub/ryantjx/sqmc-cuthbert/results/sqmc_ekf/combined/images/ekf_timeseries_state
s.png> </Users/ryant/Github/ryantjx/sqmc-cuthbert/results/sqmc_ekf/combined/ima
ges/sqmc_timeseries_states.png>]
</Users/ryant/Github/ryantjx/sqmc-cuthbert/results/sqmc_ekf/combined/images/sqm
c_correlation_topn_bar.png, id=833, 1147.6476pt x 425.9112pt>
File: /Users/ryant/Github/ryantjx/sqmc-cuthbert/results/sqmc_ekf/combined/image
s/sqmc_correlation_topn_bar.png Graphic file (type png)
<use /Users/ryant/Github/ryantjx/sqmc-cuthbert/results/sqmc_ekf/combined/images
/sqmc_correlation_topn_bar.png>
Package pdftex.def Info: /Users/ryant/Github/ryantjx/sqmc-cuthbert/results/sqmc
_ekf/combined/images/sqmc_correlation_topn_bar.png  used on input line 497.
(pdftex.def)             Requested size: 426.79135pt x 158.39052pt.
 [38 </Users/ryant/Github/ryantjx/sqmc-cuthbert/results/sqmc_ekf/combined/image
s/sqmc_correlation_topn_bar.png>]
[39]) [40]
\openout2 = `chapters/4_discussion.aux'.

 (./chapters/4_discussion.tex
Chapter 4.
LaTeX Font Info:    Trying to load font information for TS1+lmr on input line 7
.
(/usr/local/texlive/2026/texmf-dist/tex/latex/lm/ts1lmr.fd
File: ts1lmr.fd 2015/05/01 v1.6.1 Font defs for Latin Modern
) [41




{/usr/local/texlive/2026/texmf-dist/fonts/enc/dvips/lm/lm-ts1.enc}]) [42]
\openout2 = `chapters/appendices/proof.aux'.


(./chapters/appendices/proof.tex
Appendix A.
[43




] [44]) [45] [46]
\openout2 = `chapters/appendices/code.aux'.

 (./chapters/appendices/code.tex
Appendix B.
[47




]) [48] [49]
\openout2 = `chapters/appendices/config.aux'.

 (./chapters/appendices/config.tex
Appendix C.
[50




]) [51] [52]
\openout2 = `chapters/appendices/prediction.aux'.

 (./chapters/appendices/prediction.tex
Appendix D.
[53




] [54] [55]) [56]
\openout2 = `chapters/appendices/rankings.aux'.

 (./chapters/appendices/rankings.tex
Appendix E.
[57




]) [58] [59] (./ST980_5754603.bbl [60




] [61] [62] [63]) [64]
(./ST980_5754603.aux (./chapters/abstract.aux) (./chapters/acknowledgements.aux
) (./chapters/1_introduction.aux) (./chapters/2_high_performance_sqmc.aux)
(./chapters/3_football_model_with_sqmc.aux) (./chapters/4_discussion.aux)
(./chapters/appendices/proof.aux) (./chapters/appendices/code.aux)
(./chapters/appendices/config.aux) (./chapters/appendices/prediction.aux)
(./chapters/appendices/rankings.aux))
 ***********
LaTeX2e <2025-11-01>
L3 programming layer <2026-01-19>
 ***********
Package rerunfilecheck Info: File `ST980_5754603.out' has not changed.
(rerunfilecheck)             Checksum: 7D1C3E1D363B2295618DC3C32868DCB9;10015.
 ) 
Here is how much of TeX's memory you used:
 19577 strings out of 467525
 328529 string characters out of 5418983
 770949 words of memory out of 5000000
 47502 multiletter control sequences out of 15000+600000
 752864 words of font info for 302 fonts, out of 8000000 for 9000
 1141 hyphenation exceptions out of 8191
 80i,14n,87p,1615b,662s stack positions out of 10000i,1000n,20000p,200000b,200000s
</usr/local/texlive/2026/texmf-dist/fonts/type1/public/lm/lmbx10.pfb></usr/lo
cal/texlive/2026/texmf-dist/fonts/type1/public/lm/lmbx12.pfb></usr/local/texliv
e/2026/texmf-dist/fonts/type1/public/lm/lmex10.pfb></usr/local/texlive/2026/tex
mf-dist/fonts/type1/public/lm/lmmi10.pfb></usr/local/texlive/2026/texmf-dist/fo
nts/type1/public/lm/lmmi12.pfb></usr/local/texlive/2026/texmf-dist/fonts/type1/
public/lm/lmmi6.pfb></usr/local/texlive/2026/texmf-dist/fonts/type1/public/lm/l
mmi8.pfb></usr/local/texlive/2026/texmf-dist/fonts/type1/public/lm/lmr10.pfb></
usr/local/texlive/2026/texmf-dist/fonts/type1/public/lm/lmr12.pfb></usr/local/t
exlive/2026/texmf-dist/fonts/type1/public/lm/lmr6.pfb></usr/local/texlive/2026/
texmf-dist/fonts/type1/public/lm/lmr7.pfb></usr/local/texlive/2026/texmf-dist/f
onts/type1/public/lm/lmr8.pfb></usr/local/texlive/2026/texmf-dist/fonts/type1/p
ublic/lm/lmri12.pfb></usr/local/texlive/2026/texmf-dist/fonts/type1/public/lm/l
msy10.pfb></usr/local/texlive/2026/texmf-dist/fonts/type1/public/lm/lmsy8.pfb><
/usr/local/texlive/2026/texmf-dist/fonts/type1/public/lm/lmtt10.pfb></usr/local
/texlive/2026/texmf-dist/fonts/type1/public/lm/lmtt12.pfb></usr/local/texlive/2
026/texmf-dist/fonts/type1/public/amsfonts/symbols/msbm10.pfb>
Output written on ST980_5754603.pdf (70 pages, 2355330 bytes).
PDF statistics:
 1194 PDF objects out of 1200 (max. 8388607)
 993 compressed objects within 10 object streams
 232 named destinations out of 1000 (max. 500000)
 70626 words of extra memory for PDF output out of 74296 (max. 10000000)

